// Jest Snapshot v1, https://goo.gl/fbAQLP

exports[`should render the ExpensesSummary correctly with 1 expense 1`] = `
<div
  className="page-header"
>
  <div
    className="content-container"
  >
    <h1
      className="page-header__title"
    >
      Viewing 
      <span />
       
      expenses
       totalling 
      <span>
        $0.00
      </span>
    </h1>
    <p
      className="page-header__hidden"
    >
      <span>
        NaN
      </span>
       
      expenses
       totalling 
      <span>
        $0.00
      </span>
       hidden due to filters
    </p>
    <div
      className="page-header__actions"
    >
      <Link
        className="button"
        replace={false}
        to="/create"
      >
        Add Expense
      </Link>
    </div>
  </div>
</div>
`;

exports[`should render the ExpensesSummary correctly with more than 1 expense 1`] = `
<div
  className="page-header"
>
  <div
    className="content-container"
  >
    <h1
      className="page-header__title"
    >
      Viewing 
      <span />
       
      expenses
       totalling 
      <span>
        $0.00
      </span>
    </h1>
    <p
      className="page-header__hidden"
    >
      <span>
        NaN
      </span>
       
      expenses
       totalling 
      <span>
        $0.00
      </span>
       hidden due to filters
    </p>
    <div
      className="page-header__actions"
    >
      <Link
        className="button"
        replace={false}
        to="/create"
      >
        Add Expense
      </Link>
    </div>
  </div>
</div>
`;
